// Jest Snapshot v1, https://goo.gl/fbAQLP

exports[`Crop Image component should be renders correctly 1`] = `
.c0 {
  position: relative;
  display: -webkit-box;
  display: -webkit-flex;
  display: -ms-flexbox;
  display: flex;
  -webkit-align-items: center;
  -webkit-box-align: center;
  -ms-flex-align: center;
  align-items: center;
  -webkit-box-pack: center;
  -webkit-justify-content: center;
  -ms-flex-pack: center;
  justify-content: center;
  width: 113px;
  height: 113px;
  border-radius: 72px;
  overflow: hidden;
  background-color: #FFFFFF;
  z-index: 1;
}

.c1 {
  width: 200px;
  height: 200px;
  -webkit-transform: scale(calc(20 / 20));
  -ms-transform: scale(calc(20 / 20));
  transform: scale(calc(20 / 20));
}

<div
  class="c0 crop-image"
>
  <img
    alt="Avatar image"
    class="c1"
    src="any-img"
  />
</div>
`;
